-.Date
-.POSIXt
::
:::
!.hexmode
!.octmode
[.AsIs
[.data.frame
[.Date
[.difftime
[.Dlist
[.factor
[.hexmode
[.listof
[.noquote
[.numeric_version
[.octmode
[.POSIXct
[.POSIXlt
[.simple.list
[.table
[.warnings
[[.data.frame
[[.Date
[[.factor
[[.numeric_version
[[.POSIXct
[[<-.data.frame
[[<-.factor
[[<-.numeric_version
[<-.data.frame
[<-.Date
[<-.factor
[<-.numeric_version
[<-.POSIXct
[<-.POSIXlt
*.difftime
/.difftime
&.hexmode
&.octmode
%in%
%o%
%x%
+.Date
+.POSIXt
|.hexmode
|.octmode
$.data.frame
$.DLLInfo
$.package_version
$<-.data.frame
abbreviate
addNA
addTaskCallback
agrep
agrepl
alist
all.equal
all.equal.character
all.equal.default
all.equal.environment
all.equal.envRefClass
all.equal.factor
all.equal.formula
all.equal.language
all.equal.list
all.equal.numeric
all.equal.POSIXt
all.equal.raw
all.names
all.vars
anyDuplicated
anyDuplicated.array
anyDuplicated.data.frame
anyDuplicated.default
anyDuplicated.matrix
anyNA.numeric_version
anyNA.POSIXlt
aperm
aperm.default
aperm.table
append
apply
args
array
arrayInd
as.array
as.array.default
as.character.condition
as.character.Date
as.character.default
as.character.error
as.character.factor
as.character.hexmode
as.character.numeric_version
as.character.octmode
as.character.POSIXt
as.character.srcref
as.data.frame
as.data.frame.array
as.data.frame.AsIs
as.data.frame.character
as.data.frame.complex
as.data.frame.data.frame
as.data.frame.Date
as.data.frame.default
as.data.frame.difftime
as.data.frame.factor
as.data.frame.integer
as.data.frame.list
as.data.frame.logical
as.data.frame.matrix
as.data.frame.model.matrix
as.data.frame.noquote
as.data.frame.numeric
as.data.frame.numeric_version
as.data.frame.ordered
as.data.frame.POSIXct
as.data.frame.POSIXlt
as.data.frame.raw
as.data.frame.table
as.data.frame.ts
as.data.frame.vector
as.Date
as.Date.character
as.Date.date
as.Date.dates
as.Date.default
as.Date.factor
as.Date.numeric
as.Date.POSIXct
as.Date.POSIXlt
as.difftime
as.double.difftime
as.double.POSIXlt
as.expression
as.expression.default
as.factor
as.function
as.function.default
as.hexmode
as.list
as.list.data.frame
as.list.Date
as.list.default
as.list.environment
as.list.factor
as.list.function
as.list.numeric_version
as.list.POSIXct
as.logical.factor
as.matrix
as.matrix.data.frame
as.matrix.default
as.matrix.noquote
as.matrix.POSIXlt
as.name
as.null
as.null.default
as.numeric_version
as.octmode
as.ordered
as.package_version
as.pairlist
as.POSIXct
as.POSIXct.date
as.POSIXct.Date
as.POSIXct.dates
as.POSIXct.default
as.POSIXct.numeric
as.POSIXct.POSIXlt
as.POSIXlt
as.POSIXlt.character
as.POSIXlt.date
as.POSIXlt.Date
as.POSIXlt.dates
as.POSIXlt.default
as.POSIXlt.factor
as.POSIXlt.numeric
as.POSIXlt.POSIXct
as.qr
as.single
as.single.default
as.symbol
as.table
as.table.default
as.vector
as.vector.factor
asNamespace
asS3
asS4
assign
atan2
attach
attachNamespace
attr.all.equal
autoload
autoloader
backsolve
basename
besselI
besselJ
besselK
besselY
beta
bindingIsActive
bindingIsLocked
bindtextdomain
bitwAnd
bitwNot
bitwOr
bitwShiftL
bitwShiftR
bitwXor
body
body<-
bquote
browserCondition
browserSetDebug
browserText
builtins
by
by.data.frame
by.default
bzfile
c.Date
c.difftime
c.noquote
c.numeric_version
c.POSIXct
c.POSIXlt
c.warnings
callCC
capabilities
casefold
cat
cbind
cbind.data.frame
char.expand
character
charmatch
charToRaw
chartr
check_tzones
chkDots
chol
chol.default
chol2inv
choose
clearPushBack
close
close.connection
close.srcfile
close.srcfilealias
closeAllConnections
col
colMeans
colnames
colnames<-
colSums
commandArgs
comment
comment<-
complex
computeRestarts
conditionCall
conditionCall.condition
conditionMessage
conditionMessage.condition
conflicts
contributors
crossprod
Cstack_info
curlGetHeaders
cut
cut.Date
cut.default
cut.POSIXt
data.class
data.frame
data.matrix
date
debug
debuggingState
debugonce
default.stringsAsFactors
delayedAssign
deparse
det
detach
determinant
determinant.matrix
dget
diag
diag<-
diff
diff.Date
diff.default
diff.difftime
diff.POSIXt
difftime
dim.data.frame
dimnames.data.frame
dimnames<-.data.frame
dir
dir.create
dir.exists
dirname
do.call
dontCheck
double
dput
dQuote
drop
droplevels
droplevels.data.frame
droplevels.factor
dump
duplicated
duplicated.array
duplicated.data.frame
duplicated.default
duplicated.matrix
duplicated.numeric_version
duplicated.POSIXlt
duplicated.warnings
dyn.load
dyn.unload
dynGet
eapply
eigen
encodeString
Encoding
Encoding<-
endsWith
enquote
env.profile
environment
environmentIsLocked
environmentName
eval
eval.parent
evalq
exists
expand.grid
extSoftVersion
factor
factorial
fifo
file
file.access
file.append
file.choose
file.copy
file.create
file.exists
file.info
file.link
file.mode
file.mtime
file.path
file.remove
file.rename
file.show
file.size
file.symlink
Filter
Find
find.package
findInterval
findPackageEnv
findRestart
flush
flush.connection
force
formals
formals<-
format
format.AsIs
format.data.frame
format.Date
format.default
format.difftime
format.factor
format.hexmode
format.info
format.libraryIQR
format.numeric_version
format.octmode
format.packageInfo
format.POSIXct
format.POSIXlt
format.pval
format.summaryDefault
formatC
formatDL
forwardsolve
gc
gcinfo
gctorture
gctorture2
get
get0
getAllConnections
getCallingDLL
getCallingDLLe
getConnection
getDLLRegisteredRoutines
getDLLRegisteredRoutines.character
getDLLRegisteredRoutines.DLLInfo
getElement
geterrmessage
getExportedValue
getHook
getLoadedDLLs
getNamespace
getNamespaceExports
getNamespaceImports
getNamespaceInfo
getNamespaceName
getNamespaceUsers
getNamespaceVersion
getNativeSymbolInfo
getOption
getRversion
getSrcLines
getTaskCallbackNames
gettext
gettextf
getwd
gl
gregexpr
grep
grepl
grepRaw
grouping
gsub
gzcon
gzfile
I
iconv
iconvlist
icuGetCollate
icuSetCollate
identical
identity
ifelse
importIntoEnv
inherits
integer
interaction
intersect
intToBits
intToUtf8
inverse.rle
invokeRestart
invokeRestartInteractively
is.data.frame
is.element
is.factor
is.loaded
is.na.data.frame
is.na.numeric_version
is.na.POSIXlt
is.na<-
is.na<-.default
is.na<-.factor
is.na<-.numeric_version
is.numeric_version
is.numeric.Date
is.numeric.difftime
is.numeric.POSIXt
is.ordered
is.package_version
is.primitive
is.qr
is.R
is.table
is.unsorted
is.vector
isatty
isBaseNamespace
isdebugged
isIncomplete
isNamespace
isNamespaceLoaded
ISOdate
ISOdatetime
isOpen
isRestart
isSeekable
isSymmetric
isSymmetric.matrix
isTRUE
jitter
julian
julian.Date
julian.POSIXt
kappa
kappa.default
kappa.lm
kappa.qr
kronecker
l10n_info
La_version
La.svd
labels
labels.default
lapply
lazyLoad
lazyLoadDBexec
lbeta
lchoose
length.POSIXlt
length<-.factor
lengths
levels
levels.default
levels<-.factor
lfactorial
libcurlVersion
library
library.dynam
library.dynam.unload
licence
license
list.dirs
list.files
list2env
load
loadedNamespaces
loadingNamespaceInfo
loadNamespace
local
lockBinding
lockEnvironment
logb
logical
lower.tri
ls
make.names
make.unique
makeActiveBinding
Map
mapply
margin.table
mat.or.vec
match
match.arg
match.call
match.fun
Math.data.frame
Math.Date
Math.difftime
Math.factor
Math.POSIXt
matrix
max.col
mean
mean.Date
mean.default
mean.difftime
mean.POSIXct
mean.POSIXlt
mem.limits
memCompress
memDecompress
memory.profile
merge
merge.data.frame
merge.default
message
mget
mode
mode<-
months
months.Date
months.POSIXt
mostattributes<-
names.POSIXlt
names<-.POSIXlt
namespaceExport
namespaceImport
namespaceImportClasses
namespaceImportFrom
namespaceImportMethods
nchar
ncol
NCOL
Negate
new.env
NextMethod
ngettext
nlevels
noquote
norm
normalizePath
nrow
NROW
numeric
numeric_version
objects
OlsonNames
open
open.connection
open.srcfile
open.srcfilealias
open.srcfilecopy
Ops.data.frame
Ops.Date
Ops.difftime
Ops.factor
Ops.numeric_version
Ops.ordered
Ops.POSIXt
options
order
ordered
outer
package_version
packageEvent
packageHasNamespace
packageStartupMessage
packBits
pairlist
parent.env
parent.env<-
parent.frame
parse
parseNamespaceFile
paste
paste0
path.expand
path.package
pcre_config
pipe
pmatch
pmax
pmax.int
pmin
pmin.int
polyroot
Position
pretty
pretty.default
prettyNum
print
print.AsIs
print.by
print.condition
print.connection
print.data.frame
print.Date
print.default
print.difftime
print.Dlist
print.DLLInfo
print.DLLInfoList
print.DLLRegisteredRoutines
print.factor
print.function
print.hexmode
print.libraryIQR
print.listof
print.NativeRoutineList
print.noquote
print.numeric_version
print.octmode
print.packageInfo
print.POSIXct
print.POSIXlt
print.proc_time
print.restart
print.rle
print.simple.list
print.srcfile
print.srcref
print.summary.table
print.summaryDefault
print.table
print.warnings
prmatrix
prop.table
provideDimnames
psigamma
pushBack
pushBackLength
q
qr
qr.coef
qr.default
qr.fitted
qr.Q
qr.qty
qr.qy
qr.R
qr.resid
qr.solve
qr.X
quarters
quarters.Date
quarters.POSIXt
quit
R_system_version
R.home
R.Version
range.default
rank
rapply
raw
rawConnection
rawConnectionValue
rawShift
rawToBits
rawToChar
rbind
rbind.data.frame
rcond
read.dcf
readBin
readChar
readline
readLines
readRDS
readRenviron
Recall
Reduce
reg.finalizer
regexec
regexpr
registerS3method
registerS3methods
regmatches
regmatches<-
remove
removeTaskCallback
rep_len
rep.Date
rep.factor
rep.int
rep.numeric_version
rep.POSIXct
rep.POSIXlt
replace
replicate
require
requireNamespace
restartDescription
restartFormals
returnValue
rev
rev.default
rle
rm
RNGkind
RNGversion
round.Date
round.POSIXt
row
row.names
row.names.data.frame
row.names.default
row.names<-
row.names<-.data.frame
row.names<-.default
rowMeans
rownames
rownames<-
rowsum
rowsum.data.frame
rowsum.default
rowSums
sample
sample.int
sapply
save
save.image
saveRDS
scale
scale.default
scan
search
searchpaths
seek
seek.connection
seq
seq.Date
seq.default
seq.POSIXt
sequence
serialize
set.seed
setdiff
setequal
setHook
setNamespaceInfo
setSessionTimeLimit
setTimeLimit
setwd
showConnections
shQuote
signalCondition
simpleCondition
simpleError
simpleMessage
simpleWarning
simplify2array
single
sink
sink.number
slice.index
socketConnection
socketSelect
solve
solve.default
solve.qr
sort
sort.default
sort.int
sort.list
sort.POSIXlt
source
split
split.data.frame
split.Date
split.default
split.POSIXct
split<-
split<-.data.frame
split<-.default
sprintf
sQuote
srcfile
srcfilealias
srcfilecopy
srcref
startsWith
stderr
stdin
stdout
stop
stopifnot
storage.mode
strftime
strptime
strrep
strsplit
strtoi
strtrim
structure
strwrap
sub
subset
subset.data.frame
subset.default
subset.matrix
substr
substr<-
substring
substring<-
summary
summary.connection
summary.data.frame
Summary.data.frame
summary.Date
Summary.Date
summary.default
Summary.difftime
summary.factor
Summary.factor
summary.matrix
Summary.numeric_version
Summary.ordered
summary.POSIXct
Summary.POSIXct
summary.POSIXlt
Summary.POSIXlt
summary.proc_time
summary.srcfile
summary.srcref
summary.table
suppressMessages
suppressPackageStartupMessages
suppressWarnings
svd
sweep
sys.call
sys.calls
Sys.chmod
Sys.Date
sys.frame
sys.frames
sys.function
Sys.getenv
Sys.getlocale
Sys.getpid
Sys.glob
Sys.info
sys.load.image
Sys.localeconv
sys.nframe
sys.on.exit
sys.parent
sys.parents
Sys.readlink
sys.save.image
Sys.setenv
Sys.setFileTime
Sys.setlocale
Sys.sleep
sys.source
sys.status
Sys.time
Sys.timezone
Sys.umask
Sys.unsetenv
Sys.which
system
system.file
system.time
system2
t
t.data.frame
t.default
table
tabulate
tapply
taskCallbackManager
tcrossprod
tempdir
tempfile
testPlatformEquivalence
textConnection
textConnectionValue
tolower
topenv
toString
toString.default
toupper
trace
traceback
tracingState
transform
transform.data.frame
transform.default
trimws
trunc.Date
trunc.POSIXt
truncate
truncate.connection
try
tryCatch
typeof
undebug
union
unique
unique.array
unique.data.frame
unique.default
unique.matrix
unique.numeric_version
unique.POSIXlt
unique.warnings
units
units.difftime
units<-
units<-.difftime
unix.time
unlink
unlist
unloadNamespace
unlockBinding
unname
unserialize
unsplit
untrace
unz
upper.tri
url
utf8ToInt
validEnc
validUTF8
vapply
vector
Vectorize
warning
warnings
weekdays
weekdays.Date
weekdays.POSIXt
which
which.max
which.min
with
with.default
withCallingHandlers
within
within.data.frame
within.list
withRestarts
withVisible
write
write.dcf
writeBin
writeChar
writeLines
xor
xor.hexmode
xor.octmode
xpdrows.data.frame
xtfrm.AsIs
xtfrm.Date
xtfrm.default
xtfrm.difftime
xtfrm.factor
xtfrm.numeric_version
xtfrm.POSIXct
xtfrm.POSIXlt
xtfrm.Surv
xzfile
zapsmall
