F
last.warning
letters
LETTERS
month.abb
month.name
pi
R.version.string
T
